19:02:13 **** Incremental Build of configuration Debug for project 20250530_OV7670 ****
make -j16 all 
arm-none-eabi-size  20250530_OV7670.elf 
   text	   data	    bss	    dec	    hex	filename
  11768	     16	   1664	  13448	   3488	20250530_OV7670.elf
Finished building: default.size.stdout
 
19:02:24 **** Incremental Build of configuration Debug for project 20250530_OV7670 ****
make -j16 all 
arm-none-eabi-size  20250530_OV7670.elf 
   text	   data	    bss	    dec	    hex	filename
  11768	     16	   1664	  13448	   3488	20250530_OV7670.elf
Finished building: default.size.stdout
 
19:28:25 **** Incremental Build of configuration Debug for project 20250530_OV7670 ****
make -j16 all 
arm-none-eabi-size  20250530_OV7670.elf 
   text	   data	    bss	    dec	    hex	filename
  11768	     16	   1664	  13448	   3488	20250530_OV7670.elf
Finished building: default.size.stdout
 
19:42:19 **** Incremental Build of configuration Debug for project 20250530_OV7670 ****
make -j16 all 
arm-none-eabi-size  20250530_OV7670.elf 
   text	   data	    bss	    dec	    hex	filename
  11768	     16	   1664	  13448	   3488	20250530_OV7670.elf
Finished building: default.size.stdout
 
19:42:56 **** Incremental Build of configuration Debug for project 20250530_OV7670 ****
make -j16 all 
arm-none-eabi-size  20250530_OV7670.elf 
   text	   data	    bss	    dec	    hex	filename
  11768	     16	   1664	  13448	   3488	20250530_OV7670.elf
Finished building: default.size.stdout
 
19:54:13 **** Incremental Build of configuration Debug for project 20250530_OV7670 ****
make -j16 all 
arm-none-eabi-size  20250530_OV7670.elf 
   text	   data	    bss	    dec	    hex	filename
  11768	     16	   1664	  13448	   3488	20250530_OV7670.elf
Finished building: default.size.stdout
 
19:55:13 **** Incremental Build of configuration Debug for project 20250530_OV7670 ****
make -j16 all 
arm-none-eabi-size  20250530_OV7670.elf 
   text	   data	    bss	    dec	    hex	filename
  11768	     16	   1664	  13448	   3488	20250530_OV7670.elf
Finished building: default.size.stdout
 
20:22:32 **** Incremental Build of configuration Debug for project 20250530_OV7670 ****
make -j16 all 
arm-none-eabi-size  20250530_OV7670.elf 
   text	   data	    bss	    dec	    hex	filename
  11768	     16	   1664	  13448	   3488	20250530_OV7670.elf
Finished building: default.size.stdout
 
20:43:51 **** Incremental Build of configuration Debug for project 20250530_OV7670 ****
make -j16 all 
arm-none-eabi-size  20250530_OV7670.elf 
   text	   data	    bss	    dec	    hex	filename
  11768	     16	   1664	  13448	   3488	20250530_OV7670.elf
Finished building: default.size.stdout
 
21:01:19 **** Incremental Build of configuration Debug for project 20250530_OV7670 ****
make -j16 all 
arm-none-eabi-size  20250530_OV7670.elf 
   text	   data	    bss	    dec	    hex	filename
  11768	     16	   1664	  13448	   3488	20250530_OV7670.elf
Finished building: default.size.stdout
 
14:06:10 **** Incremental Build of configuration Debug for project 20250530_OV7670 ****
make -j16 all 
arm-none-eabi-size  20250530_OV7670.elf 
   text	   data	    bss	    dec	    hex	filename
  11768	     16	   1664	  13448	   3488	20250530_OV7670.elf
Finished building: default.size.stdout
 
16:51:59 **** Incremental Build of configuration Debug for project 20250530_OV7670 ****
make -j16 all 
arm-none-eabi-size  20250530_OV7670.elf 
   text	   data	    bss	    dec	    hex	filename
  11768	     16	   1664	  13448	   3488	20250530_OV7670.elf
Finished building: default.size.stdout
 
18:08:46 **** Incremental Build of configuration Debug for project 20250530_OV7670 ****
make -j16 all 
arm-none-eabi-size  20250530_OV7670.elf 
   text	   data	    bss	    dec	    hex	filename
  11768	     16	   1664	  13448	   3488	20250530_OV7670.elf
Finished building: default.size.stdout
 
