17:23:24 **** Incremental Build of configuration Debug for project 20250530_OV7670 ****
make -j16 all 
arm-none-eabi-gcc "../Core/Src/main.c" -mcpu=cortex-m4 -std=gnu11 -g3 -DDEBUG -DUSE_HAL_DRIVER -DSTM32F411xE -c -I../Core/Inc -I../Drivers/STM32F4xx_HAL_Driver/Inc -I../Drivers/STM32F4xx_HAL_Driver/Inc/Legacy -I../Drivers/CMSIS/Device/ST/STM32F4xx/Include -I../Drivers/CMSIS/Include -O0 -ffunction-sections -fdata-sections -Wall -fstack-usage -fcyclomatic-complexity -MMD -MP -MF"Core/Src/main.d" -MT"Core/Src/main.o" --specs=nano.specs -mfpu=fpv4-sp-d16 -mfloat-abi=hard -mthumb -o "Core/Src/main.o"
arm-none-eabi-gcc -o "20250530_OV7670.elf" @"objects.list"   -mcpu=cortex-m4 -T"C:\Users\kccistc\Documents\GitHub\Harman_ComputerArchitecture\workspace\stm32_workspace\20250530_OV7670\STM32F411RETX_FLASH.ld" --specs=nosys.specs -Wl,-Map="20250530_OV7670.map" -Wl,--gc-sections -static --specs=nano.specs -mfpu=fpv4-sp-d16 -mfloat-abi=hard -mthumb -Wl,--start-group -lc -lm -Wl,--end-group
Finished building target: 20250530_OV7670.elf
 
arm-none-eabi-size  20250530_OV7670.elf 
arm-none-eabi-objdump -h -S 20250530_OV7670.elf  > "20250530_OV7670.list"
   text	   data	    bss	    dec	    hex	filename
  11736	     16	   1664	  13416	   3468	20250530_OV7670.elf
Finished building: default.size.stdout
 
Finished building: 20250530_OV7670.list
 
17:23:34 **** Incremental Build of configuration Debug for project 20250530_OV7670 ****
make -j16 all 
arm-none-eabi-size  20250530_OV7670.elf 
   text	   data	    bss	    dec	    hex	filename
  11736	     16	   1664	  13416	   3468	20250530_OV7670.elf
Finished building: default.size.stdout
 
